D:/Code_nhung/TouchGFXProjects/HelloTouchGFX_DongHo/Core/Src/main.c:866:13:SPI5_Write	1
D:/Code_nhung/TouchGFXProjects/HelloTouchGFX_DongHo/Core/Src/main.c:978:6:StartDefaultTask	3
D:/Code_nhung/TouchGFXProjects/HelloTouchGFX_DongHo/Core/Src/main.c:248:6:SystemClock_Config	1
D:/Code_nhung/TouchGFXProjects/HelloTouchGFX_DongHo/Core/Src/main.c:155:5:main	2
D:/Code_nhung/TouchGFXProjects/HelloTouchGFX_DongHo/Core/Src/main.c:710:6:IOE_Init	1
D:/Code_nhung/TouchGFXProjects/HelloTouchGFX_DongHo/Core/Src/main.c:719:6:IOE_ITConfig	1
D:/Code_nhung/TouchGFXProjects/HelloTouchGFX_DongHo/Core/Src/main.c:731:6:IOE_Write	1
D:/Code_nhung/TouchGFXProjects/HelloTouchGFX_DongHo/Core/Src/main.c:742:9:IOE_Read	1
D:/Code_nhung/TouchGFXProjects/HelloTouchGFX_DongHo/Core/Src/main.c:755:10:IOE_ReadMultiple	1
D:/Code_nhung/TouchGFXProjects/HelloTouchGFX_DongHo/Core/Src/main.c:764:6:IOE_Delay	1
D:/Code_nhung/TouchGFXProjects/HelloTouchGFX_DongHo/Core/Src/main.c:892:6:LCD_IO_Init	1
D:/Code_nhung/TouchGFXProjects/HelloTouchGFX_DongHo/Core/Src/main.c:902:6:LCD_IO_WriteData	1
D:/Code_nhung/TouchGFXProjects/HelloTouchGFX_DongHo/Core/Src/main.c:918:6:LCD_IO_WriteReg	1
D:/Code_nhung/TouchGFXProjects/HelloTouchGFX_DongHo/Core/Src/main.c:937:10:LCD_IO_ReadData	1
D:/Code_nhung/TouchGFXProjects/HelloTouchGFX_DongHo/Core/Src/main.c:964:6:LCD_Delay	1
D:/Code_nhung/TouchGFXProjects/HelloTouchGFX_DongHo/Core/Src/main.c:1004:6:HAL_TIM_PeriodElapsedCallback	2
D:/Code_nhung/TouchGFXProjects/HelloTouchGFX_DongHo/Core/Src/main.c:1022:6:Error_Handler	1
